called function with argument
called function with 2
